topstories ids: 500
  fetched 100/500
  fetched 200/500
  fetched 300/500
  fetched 400/500
  fetched 500/500
saved hn_top500.json with 499 stories
2021 1 26657 0
2021 2 24249 0
2021 3 26469 0
2021 4 24909 0
2021 5 24697 0
2021 6 24322 0
2021 7 22978 0
2021 8 23469 0
2021 9 22939 0
2021 10 23925 0
2021 11 22807 0
2021 12 23255 0
2022 1 26683 0
2022 2 23330 0
2022 3 26130 0
2022 4 23035 0
2022 5 24527 0
2022 6 24284 0
2022 7 24030 0
2022 8 24862 0
2022 9 24322 0
2022 10 24906 0
2022 11 26988 0
2022 12 25994 0
2023 1 27604 0
2023 2 24467 0
2023 3 28517 0
2023 4 25698 0
2023 5 27085 0
2023 6 26720 0
2023 7 26374 0
2023 8 27348 0
2023 9 26404 0
2023 10 26455 0
2023 11 26019 0
2023 12 24668 0
2024 1 28801 0
2024 2 26598 0
2024 3 26309 0
2024 4 25365 0
2024 5 26023 0
2024 6 23835 0
2024 7 23431 0
2024 8 24246 0
2024 9 23733 0
2024 10 24454 0
2024 11 22240 0
2024 12 22557 0
2025 1 25072 0
2025 2 22442 0
2025 3 25324 0
2025 4 24073 0
2025 5 25260 0
2025 6 23834 0
2025 7 25530 0
2025 8 25436 0
2025 9 25342 0
2025 10 26624 0
2025 11 25244 0
2025 12 27351 0
2026 1 366074 0
2026 2 367002 0
2026 3 368216 0
2026 4 29610 0
2026 5 28657 0
2026 6 143080 0
2026 7 370665 0
2026 8 143733 0
saved hn_ai_monthly.json
